2025-12-04 17:01:07,536 - sentence_transformers.SentenceTransformer - INFO - Use pytorch device_name: cuda:0
2025-12-04 17:01:07,536 - sentence_transformers.SentenceTransformer - INFO - Load pretrained SentenceTransformer: all-MiniLM-L6-v2
2025-12-04 17:01:07,537 - urllib3.connectionpool - DEBUG - Starting new HTTPS connection (1): huggingface.co:443
2025-12-04 17:01:07,679 - urllib3.connectionpool - DEBUG - https://huggingface.co:443 "HEAD /sentence-transformers/all-MiniLM-L6-v2/resolve/main/modules.json HTTP/1.1" 307 0
2025-12-04 17:01:07,685 - urllib3.connectionpool - DEBUG - https://huggingface.co:443 "HEAD /api/resolve-cache/models/sentence-transformers/all-MiniLM-L6-v2/c9745ed1d9f207416be6d2e6f8de32d1f16199bf/modules.json HTTP/1.1" 200 0
2025-12-04 17:01:07,791 - urllib3.connectionpool - DEBUG - https://huggingface.co:443 "HEAD /sentence-transformers/all-MiniLM-L6-v2/resolve/main/config_sentence_transformers.json HTTP/1.1" 307 0
2025-12-04 17:01:07,797 - urllib3.connectionpool - DEBUG - https://huggingface.co:443 "HEAD /api/resolve-cache/models/sentence-transformers/all-MiniLM-L6-v2/c9745ed1d9f207416be6d2e6f8de32d1f16199bf/config_sentence_transformers.json HTTP/1.1" 200 0
2025-12-04 17:01:07,903 - urllib3.connectionpool - DEBUG - https://huggingface.co:443 "HEAD /sentence-transformers/all-MiniLM-L6-v2/resolve/main/config_sentence_transformers.json HTTP/1.1" 307 0
2025-12-04 17:01:07,908 - urllib3.connectionpool - DEBUG - https://huggingface.co:443 "HEAD /api/resolve-cache/models/sentence-transformers/all-MiniLM-L6-v2/c9745ed1d9f207416be6d2e6f8de32d1f16199bf/config_sentence_transformers.json HTTP/1.1" 200 0
2025-12-04 17:01:08,013 - urllib3.connectionpool - DEBUG - https://huggingface.co:443 "HEAD /sentence-transformers/all-MiniLM-L6-v2/resolve/main/README.md HTTP/1.1" 307 0
2025-12-04 17:01:08,020 - urllib3.connectionpool - DEBUG - https://huggingface.co:443 "HEAD /api/resolve-cache/models/sentence-transformers/all-MiniLM-L6-v2/c9745ed1d9f207416be6d2e6f8de32d1f16199bf/README.md HTTP/1.1" 200 0
2025-12-04 17:01:08,127 - urllib3.connectionpool - DEBUG - https://huggingface.co:443 "HEAD /sentence-transformers/all-MiniLM-L6-v2/resolve/main/modules.json HTTP/1.1" 307 0
2025-12-04 17:01:08,132 - urllib3.connectionpool - DEBUG - https://huggingface.co:443 "HEAD /api/resolve-cache/models/sentence-transformers/all-MiniLM-L6-v2/c9745ed1d9f207416be6d2e6f8de32d1f16199bf/modules.json HTTP/1.1" 200 0
2025-12-04 17:01:08,236 - urllib3.connectionpool - DEBUG - https://huggingface.co:443 "HEAD /sentence-transformers/all-MiniLM-L6-v2/resolve/main/sentence_bert_config.json HTTP/1.1" 307 0
2025-12-04 17:01:08,240 - urllib3.connectionpool - DEBUG - https://huggingface.co:443 "HEAD /api/resolve-cache/models/sentence-transformers/all-MiniLM-L6-v2/c9745ed1d9f207416be6d2e6f8de32d1f16199bf/sentence_bert_config.json HTTP/1.1" 200 0
2025-12-04 17:01:08,348 - urllib3.connectionpool - DEBUG - https://huggingface.co:443 "HEAD /sentence-transformers/all-MiniLM-L6-v2/resolve/main/adapter_config.json HTTP/1.1" 404 0
2025-12-04 17:01:08,454 - urllib3.connectionpool - DEBUG - https://huggingface.co:443 "HEAD /sentence-transformers/all-MiniLM-L6-v2/resolve/main/config.json HTTP/1.1" 307 0
2025-12-04 17:01:08,459 - urllib3.connectionpool - DEBUG - https://huggingface.co:443 "HEAD /api/resolve-cache/models/sentence-transformers/all-MiniLM-L6-v2/c9745ed1d9f207416be6d2e6f8de32d1f16199bf/config.json HTTP/1.1" 200 0
2025-12-04 17:01:08,635 - urllib3.connectionpool - DEBUG - https://huggingface.co:443 "HEAD /sentence-transformers/all-MiniLM-L6-v2/resolve/main/tokenizer_config.json HTTP/1.1" 307 0
2025-12-04 17:01:08,640 - urllib3.connectionpool - DEBUG - https://huggingface.co:443 "HEAD /api/resolve-cache/models/sentence-transformers/all-MiniLM-L6-v2/c9745ed1d9f207416be6d2e6f8de32d1f16199bf/tokenizer_config.json HTTP/1.1" 200 0
2025-12-04 17:01:08,762 - urllib3.connectionpool - DEBUG - https://huggingface.co:443 "GET /api/models/sentence-transformers/all-MiniLM-L6-v2/tree/main/additional_chat_templates?recursive=False&expand=False HTTP/1.1" 404 64
2025-12-04 17:01:08,902 - urllib3.connectionpool - DEBUG - https://huggingface.co:443 "HEAD /sentence-transformers/all-MiniLM-L6-v2/resolve/main/1_Pooling/config.json HTTP/1.1" 307 0
2025-12-04 17:01:08,907 - urllib3.connectionpool - DEBUG - https://huggingface.co:443 "HEAD /api/resolve-cache/models/sentence-transformers/all-MiniLM-L6-v2/c9745ed1d9f207416be6d2e6f8de32d1f16199bf/1_Pooling%2Fconfig.json HTTP/1.1" 200 0
2025-12-04 17:01:09,016 - urllib3.connectionpool - DEBUG - https://huggingface.co:443 "GET /api/models/sentence-transformers/all-MiniLM-L6-v2 HTTP/1.1" 200 6946
2025-12-04 17:01:09,214 - urllib3.connectionpool - DEBUG - Starting new HTTP connection (1): localhost:8005
2025-12-04 17:01:09,217 - urllib3.connectionpool - DEBUG - http://localhost:8005 "GET /running HTTP/1.1" 200 17
2025-12-04 17:01:09,231 - root - DEBUG - text-classification: 30 models
2025-12-04 17:01:09,231 - root - DEBUG - token-classification: 30 models
2025-12-04 17:01:09,231 - root - DEBUG - text2text-generation: 30 models
2025-12-04 17:01:09,231 - root - DEBUG - summarization: 30 models
2025-12-04 17:01:09,231 - root - DEBUG - translation: 30 models
2025-12-04 17:01:09,231 - root - DEBUG - question-answering: 30 models
2025-12-04 17:01:09,231 - root - DEBUG - conversational: 30 models
2025-12-04 17:01:09,231 - root - DEBUG - text-generation: 30 models
2025-12-04 17:01:09,231 - root - DEBUG - sentence-similarity: 30 models
2025-12-04 17:01:09,231 - root - DEBUG - tabular-classification: 30 models
2025-12-04 17:01:09,231 - root - DEBUG - object-detection: 30 models
2025-12-04 17:01:09,231 - root - DEBUG - image-classification: 30 models
2025-12-04 17:01:09,231 - root - DEBUG - image-to-text: 30 models
2025-12-04 17:01:09,231 - root - DEBUG - text-to-image: 31 models
2025-12-04 17:01:09,231 - root - DEBUG - image-to-image: 30 models
2025-12-04 17:01:09,231 - root - DEBUG - visual-question-answering: 13 models
2025-12-04 17:01:09,231 - root - DEBUG - document-question-answering: 22 models
2025-12-04 17:01:09,231 - root - DEBUG - image-segmentation: 30 models
2025-12-04 17:01:09,231 - root - DEBUG - depth-estimation: 30 models
2025-12-04 17:01:09,231 - root - DEBUG - text-to-video: 8 models
2025-12-04 17:01:09,231 - root - DEBUG - text-to-speech: 30 models
2025-12-04 17:01:09,231 - root - DEBUG - automatic-speech-recognition: 30 models
2025-12-04 17:01:09,231 - root - DEBUG - audio-to-audio: 30 models
2025-12-04 17:01:09,231 - root - DEBUG - audio-classification: 30 models
2025-12-04 17:01:09,231 - root - DEBUG - named-entity-recognition: 1 models
2025-12-04 17:01:09,235 - waitress - INFO - Serving on http://0.0.0.0:8004
